
Running 3 tests using 3 workers

[1A[2K[1/3] [chromium] ÔÇ║ e2e\marketplace-business-logic.spec.ts:52:7 ÔÇ║ ­ƒææ CELAEST Master Business Logic Test: Marketplace & Licensing ÔÇ║ Escenario A: Tenant con Plan Enterprise (Acceso por Suscripci├│n)
[1A[2K[2/3] [chromium] ÔÇ║ e2e\marketplace-business-logic.spec.ts:86:7 ÔÇ║ ­ƒææ CELAEST Master Business Logic Test: Marketplace & Licensing ÔÇ║ Escenario B: Tenant en Plan Gratuito (Compra Individual/A la Carta)
[1A[2K[3/3] [chromium] ÔÇ║ e2e\marketplace-business-logic.spec.ts:122:7 ÔÇ║ ­ƒææ CELAEST Master Business Logic Test: Marketplace & Licensing ÔÇ║ Escenario C: Tenant bloqueado (Sin plan, sin compra, no owner)
[1A[2K  1) [chromium] ÔÇ║ e2e\marketplace-business-logic.spec.ts:86:7 ÔÇ║ ­ƒææ CELAEST Master Business Logic Test: Marketplace & Licensing ÔÇ║ Escenario B: Tenant en Plan Gratuito (Compra Individual/A la Carta) 

    Error: [2mexpect([22m[31mlocator[39m[2m).[22mtoBeVisible[2m([22m[2m)[22m failed

    Locator: locator('div').filter({ hasText: 'Sistema de Automatizaci├│n Empresarial' }).first().getByRole('button', { name: /adquirido/i })
    Expected: visible
    Timeout: 5000ms
    Error: element(s) not found

    Call log:
    [2m  - Expect "toBeVisible" with timeout 5000ms[22m
    [2m  - waiting for locator('div').filter({ hasText: 'Sistema de Automatizaci├│n Empresarial' }).first().getByRole('button', { name: /adquirido/i })[22m


      110 |     
      111 |     // Verificamos que el bot├│n diga "Adquirido"
    > 112 |     await expect(card.getByRole('button', { name: /adquirido/i })).toBeVisible();
          |                                                                    ^
      113 |     
      114 |     // Abrimos el Modal
      115 |     await card.getByRole('button', { name: /adquirido/i }).click();
        at C:\Users\user\Music\celaest-dashboard\e2e\marketplace-business-logic.spec.ts:112:68

    Error Context: test-results\marketplace-business-logic-0013c-mpra-Individual-A-la-Carta--chromium\error-context.md


[1A[2K  2) [chromium] ÔÇ║ e2e\marketplace-business-logic.spec.ts:52:7 ÔÇ║ ­ƒææ CELAEST Master Business Logic Test: Marketplace & Licensing ÔÇ║ Escenario A: Tenant con Plan Enterprise (Acceso por Suscripci├│n) 

    Error: [2mexpect([22m[31mlocator[39m[2m).[22mtoBeVisible[2m([22m[2m)[22m failed

    Locator: locator('div').filter({ hasText: 'Sistema de Automatizaci├│n Empresarial' }).first().getByRole('button', { name: /en plan/i })
    Expected: visible
    Timeout: 5000ms
    Error: element(s) not found

    Call log:
    [2m  - Expect "toBeVisible" with timeout 5000ms[22m
    [2m  - waiting for locator('div').filter({ hasText: 'Sistema de Automatizaci├│n Empresarial' }).first().getByRole('button', { name: /en plan/i })[22m


      78 |     
      79 |     // Verificamos que el bot├│n diga "En Plan"
    > 80 |     await expect(card.getByRole('button', { name: /en plan/i })).toBeVisible();
         |                                                                  ^
      81 |     
      82 |     // El bot├│n de Adquirir / Comprar no deber├¡a existir en este estado
      83 |     await expect(card.getByRole('button', { name: /adquirir/i })).toHaveCount(0);
        at C:\Users\user\Music\celaest-dashboard\e2e\marketplace-business-logic.spec.ts:80:66

    Error Context: test-results\marketplace-business-logic-0e651-ise-Acceso-por-Suscripci├│n--chromium\error-context.md


[1A[2K  2 failed
    [chromium] ÔÇ║ e2e\marketplace-business-logic.spec.ts:52:7 ÔÇ║ ­ƒææ CELAEST Master Business Logic Test: Marketplace & Licensing ÔÇ║ Escenario A: Tenant con Plan Enterprise (Acceso por Suscripci├│n) 
    [chromium] ÔÇ║ e2e\marketplace-business-logic.spec.ts:86:7 ÔÇ║ ­ƒææ CELAEST Master Business Logic Test: Marketplace & Licensing ÔÇ║ Escenario B: Tenant en Plan Gratuito (Compra Individual/A la Carta) 
  1 passed (11.6s)

[36m  Serving HTML report at http://localhost:9323. Press Ctrl+C to quit.[39m
